  #################################a###b#######c#######d#######e#######f###g###############################  
  #.#...........#...#.....#.....#...#.........#.....#.#.......#.....#.#...........#.#.#.#.......#...#.#.#.#  
  #.###.#######.#.#####.#####.###.#########.#######.#.#.#####.###.#.#.###.#########.#.#.#.###.#.###.#.#.#.#  
  #...#.#.#...............#.......#.#.#.........#.....#...#.....#.#.#...#...#.#...#...#.....#.#.#.........#  
  ###.###.###.###.###.#.#########.#.#.#####.#.#######.#.#####.###.###.#.###.#.#.###.###.#############.#####  
  #.#.#...#...#...#...#.#...........#.....#.#...#.....#.#.#...#.....#.#...#.................#.......#...#.#  
  #.#.###.###.#########.#####.#.#.#####.###.#.#####.#.###.###.#.#####.###.#.#########.#####.###.#####.#.#.#  
  #.#.....#...#.#.#...#.#.#.#.#.#...#.....#.#.#...#.#.......#.#...#...#.......#.#...#.#...#.......#.#.#...#  
  #.#####.#####.#.###.#.#.#.#.###.###.#######.#.###.#########.###.###.#####.###.###.###.#####.###.#.###.###  
  #.#.....#...............#.#.#.........#.#.....#.#...#.......#.....#.....#.................#...#.#.#.....#  
  #.#####.#####.#.###.#.#.#.#########.###.###.###.#.#########.#.#####.#.#.#####.###.#.#########.###.###.#.#  
  #...#.....#...#.#.#.#.#.#.#.#.........#.....#.......#.#.#...#...#...#.#.....#.#...#...#.....#...#...#.#.#  
  #.#####.#########.#####.#.#.###.###.#.#.###.###.###.#.#.###.#.#####.#.###.###.###.#.###.###########.#.###  
  #...#.#.....#.#.#.................#.#.#...#.#...#...#...#.#.#.#...#.#...#...#...#.#.....#.#.#.#.........#  
  #.###.#.#####.#.###.###.#.#.#.###.#####.###.#####.#.#.#.###.#.#.#########.#####.#########.#.#.###.###.###  
  #.#...#.#.#.#.#.....#...#.#.#...#.....#.#.....#...#.#.#.....#.....#.#...#.#...#.#.#.....#.#.....#.#.#.#.#  
  #.#.###.#.#.#.#####.#.#######.###.###.#####.###.###.#.#########.###.###.#.#.#####.#####.#.###.###.#.###.#  
  #...#.........#.#.#.#.#.#.......#...#...#.#.#.#.#...#.......#...#...#...........#...#.....#.#.#.....#.#.#  
  ###.#.#########.#.#####.#####.#.#########.#.#.#####.#####.#.#.#.###.#.#####.#######.###.###.#.###.###.#.#  
  #.......#.#.#...#...#...#.#...#.....#.....#.#.#.#...#.#.#.#.#.#...#.......#.....#.#...#.....#...#...#...#  
  ###.#.###.#.#.###.#####.#.#.#.###.###.#.###.#.#.###.#.#.###.#.#####.###########.#.#.#####.#####.#.###.#.#  
  #...#.........#.#...#.......#.#.#...#.#.....#.....#...#.....#...#...#.....#.#.#.#...#.#.....#...#.#.#.#.#  
  #########.#####.###.#.###.#####.#.###.###.#.#.#.###.#######.#.#####.###.###.#.#####.#.###.#####.#.#.#.###  
  #...........#.#.......#.......#...#.....#.#.#.#.........#...#.....#...............#.#.......#.#.........#  
  #######.#####.###.###.#.#######.#######h#####i#############j#####.#k###l###########.###.#.###.#####.#####  
  #.......#.#.#...#.#.#.#.#      e                                 f              #...#.#.#.....#.#...#...#  
  #.###.#.#.#.#.#####.#.#.#                                                       ###.#.#####.###.###.###.#  
  #.#.#.#.#...#.#...#.#.#.#                                                       #...#...................#  
  #.#.###.#.###.#.###.#####                                                       #.#.#.#####.#.#.#.#.###.#  
  #.#.....................#                                                       #.#.#.#...#.#.#.#.#.#...#  
  #######.#######.#.#.#.#.#                                                       #.#.#.#.###.#.#########.#  
  #.....#.#...#.#.#.#.#.#..a                                                      m.#.#.....#.#.#.......#..i 
  ###.###.#.#.#.###.#.###.#                                                       ###.###.#########.#####.#  
 p........#.#.#.....#.#.#.#                                                       #.#.....#.#.#...#...#.#.#  
  ###########.#########.###                                                       #.#####.#.#.#.#####.#.###  
 n..#...............#.#.#.#                                                       #.....#.......#.#........m 
  #.###.#.#.#.#####.#.#.#.#                                                       #.###.#.#.#####.#######.#  
  #.#...#.#.#.#...........u                                                       #.#...#.#.#...#.........#  
  #.#.###########.#.###.#.#                                                       #.#.#######.#.###.#####.#  
  #.#.......#.....#.#...#.#                                                       n.#...#.#.#.#...#.....#.#  
  #.#####.#########.###.###                                                       #.###.#.#.###.#######.###  
  #.........#.......#.#...#                                                       #.#.#.................#.#  
  ###############.#.#.###.#                                                       ###.#.###.#############.#  
  #.....#.....#.#.#.#...#.#                                                       #.#.#.#.#.#.#.#.....#.#.o  
  #.###.###.###.#####.#####                                                       #.#.###.###.#.###.#.#.#.#  
  Z...#.............#.....#                                                       p.....#.....#.....#.....#  
  ###.#.#.###########.#####                                                       ###.#######.#.#########.#  
  v.#.#.#.#.......#.......#                                                       #.#...#.#...#.....#...#.#  
  #.#.#.###.#.###.###.###.#                                                       #.#.###.###.#####.#.#.###  
  #...#.....#.#.......#.#..c                                                      #.#.................#.#.#  
  ###############.#####.#.#                                                       #.#####.###.###########.#  
  #.....#.....#.#...#.....#                                                       q...#...#.#.#...........#  
  ###.#.#.###.#.###.#######                                                       #.#.#####.###.###.#.#####  
  w.#.#...#...#...#.#...#.x                                                       #.#...........#...#...#.#  
  #.#.#####.###.#######.#.#                                                       #.#.#####.#####.#.###.#.#  
  #.#.....#.#...#...#.#...#                                                       #.#...#.#.#...#.#...#.#.r  
  #.#####.#.#.#.#.###.#.###                                                       ###.###.#####.#.#####.#.#  
  #.......#...#...........#                                                       #.......#.....#.#.#.#...#  
  #########################                                                       #.###.#######.###.#.#####  
  #.........#.#.#.....#....d                                                      #...#.#.#...#...#.......s  
  #.#####.###.#.#.###.###.#                                                       #######.###.#.#.#.###.###  
 l..#...#.........#.#.....#                                                       #...#.....#...#.....#...#  
  ###.#############.#######                                                       #.#####.#####.###########  
  #.................#.....y                                                       #.....#.#.........#...#.#  
  #.###.#####.#####.#.#####                                                       ###.###.#########.#.###.#  
 q..#...#.#...#...#.....#.#                                                      o..................#.#...#  
  #.###.#.#######.#######.#                                                       ###.###.#.#########.###.#  
  #.#.#.#.#.#...........#.z                                                       #.#.#...#...#...........#  
  ###.###.#.#.#######.#.#.#                                                       #.#####.#####.#########.#  
 x..#...........#.....#.#.#                                                      g..#.#.#...#.......#.#...t  
  #.#.#####.#.#####.###.#.#                                                       #.#.#.#######.#####.###.#  
  A...#.....#...#...#...#.#                                                       #...#.....#.#.#.....#.#.#  
  ###.#.#####.#######.###.#                                                       #.###.#.#.#.#.###.#.#.###  
  #...#.#.....#...........#                                                       #.....#.#.........#.....#  
  ###.#.#.###.###.#.#.###.#                                                       ###.#######.#.#####.###.#  
  #...#.#...#.#...#.#...#.#        w               b r         s       v t        #.......#...#...#.#.#...#  
  ###.#########.#.###.#.#.#########.#####D#########.#.#########.#######.#.###########.#.#.#.#.#.###.#####.#  
  #.....#.#.....#.#...#.#.....#.....#...#.....#.#.#.#...#.......#.......#.........#.#.#.#.#.#.#.......#.#.#  
  #.#.#.#.#####.#####.###########.###.#####.###.#.#.#.###.###.###.###########.#####.#.#########.###.#.#.###  
  #.#.#...#.....#.#.#...#.#.#.......#.........#.....#...#...#.#...#.......#.......#.#.#...#...#...#.#.....#  
  #####.###.#.###.#.#.###.#.#######.#.#####.#.###.#.###.###.#.###.#.###.#.#.#.#.###.#####.###.#.#####.#####  
  #.......#.#.#.#.#.#.#...#.#.#.#...#.....#.#.#...#.#...#...#.#.......#.#.#.#.#...........#.........#.....#  
  #.#.#.#####.#.#.#.#####.#.#.#.#.###.#.#.#########.#.#.#.#.###########.#######.###.###.#.###.#.#.#.###.###  
  #.#.#.....#.#.........#...........#.#.#...#.#...#.#.#.#.#...#...........#...#.#.....#.#...#.#.#.#...#...#  
  #####.#.#######.#.###.###.#.###########.#.#.#.###.#.###.#.#####.#####.###.###.###############.#.#.#######  
  #.....#.#.......#.#.....#.#.......#.#...#.......#.#...#.#...#.#...#.#.#.............#.#.#.....#.#.......#  
  #####.#####.#####.#####.###.###.#.#.#.###.#######.#.###.###.#.#.###.#.#######.###.###.#.###.###.###.#####  
  #.#.....#...#.#.#.#.#.#.#.....#.#...#...#.....#...#.#.....#.#...#...#...#.......#.#.#.#...#...#.#.#.#.#.#  
  #.###.###.#.#.#.###.#.#.###.#########.###.#####.###.###.#######.#.#.#######.#.#####.#.#.###.#####.###.#.#  
  #.......#.#.#...............#...#.#.#.#.#.....#...#...#.#.#.......#.#...#...#...#...#...#.#.....#.#.#.#.#  
  ###.#.###########.#####.###.###.#.#.###.#.###.#.#.###.#.#.###.###.#####.#####.#####.#.###.#######.#.#.#.#  
  #...#...#.#.#...#.#.#.#.#...........#.......#.#.#...#.#...#.#.#...#.......#.........#...#.#.#.#.....#.#.#  
  ###.#####.#.#.#####.#.#.#.#.###.#.#######.#######.###.#.###.###.###.###.#.###.###.###.###.#.#.#.###.#.#.#  
  #.....#.#.#.#.#.#.......#.#.#.#.#.....#.....#.#.....#.#.#.......#...#...#.#...#.#...........#.#.#.....#.#  
  #.#.#.#.#.#.#.#.#.#########.#.###.#######.###.#.#####.#.###.###.#.#.###.#####.#.###.#.#####.#.###.#####.#  
  #.#.#.#.............#.......#.#.#...#.....#...#...#...#.#.#...#...#.#...#.#.......#.#...#...............#  
  ###.#####.#.#.#.###.#.#.#.###.#.#.###.###.#.#.###.###.#.#.#.#####.#######.###.#####.#####.###.#.#.#.#.#.#  
  #.....#.#.#.#.#.#.#.#.#.#.#...#.#...#.#...#.#...#.#.#.#...#.#.........#.#.#.#.#...#.....#.#...#.#.#.#.#.#  
  ###.###.#.#####.#.###.#####.#.###.#######.#.#.###.#.#.#.#####.#.#######.#.#.#.#.###.###.#.###.###.###.#.#  
  #.....#.....#...#.....#.....#.......#.....#.#.....#...#.....#.#.....#.............#.#...#...#...#...#.#.#  
  ###########################.#############.#.#######.#####.#########.#######.#############################  
                             h             u k       j     D         y       z                               