                                   a   b       c       d       e       f   g                                 
  #################################.###.#######.#######.#######.#######.###.###############################  
  #.#...........#...#.....#.....#...#.........#.....#.#.......#.....#.#...........#.#.#.#.......#...#.#.#.#  
  #.###.#######.#.#####.#####.###.#########.#######.#.#.#####.###.#.#.###.#########.#.#.#.###.#.###.#.#.#.#  
  #...#.#.#...............#.......#.#.#.........#.....#...#.....#.#.#...#...#.#...#...#.....#.#.#.........#  
  ###.###.###.###.###.#.#########.#.#.#####.#.#######.#.#####.###.###.#.###.#.#.###.###.#############.#####  
  #.#.#...#...#...#...#.#...........#.....#.#...#.....#.#.#...#.....#.#...#.................#.......#...#.#  
  #.#.###.###.#########.#####.#.#.#####.###.#.#####.#.###.###.#.#####.###.#.#########.#####.###.#####.#.#.#  
  #.#.....#...#.#.#...#.#.#.#.#.#...#.....#.#.#...#.#.......#.#...#...#.......#.#...#.#...#.......#.#.#...#  
  #.#####.#####.#.###.#.#.#.#.###.###.#######.#.###.#########.###.###.#####.###.###.###.#####.###.#.###.###  
  #.#.....#...............#.#.#.........#.#.....#.#...#.......#.....#.....#.................#...#.#.#.....#  
  #.#####.#####.#.###.#.#.#.#########.###.###.###.#.#########.#.#####.#.#.#####.###.#.#########.###.###.#.#  
  #...#.....#...#.#.#.#.#.#.#.#.........#.....#.......#.#.#...#...#...#.#.....#.#...#...#.....#...#...#.#.#  
  #.#####.#########.#####.#.#.###.###.#.#.###.###.###.#.#.###.#.#####.#.###.###.###.#.###.###########.#.###  
  #...#.#.....#.#.#.................#.#.#...#.#...#...#...#.#.#.#...#.#...#...#...#.#.....#.#.#.#.........#  
  #.###.#.#####.#.###.###.#.#.#.###.#####.###.#####.#.#.#.###.#.#.#########.#####.#########.#.#.###.###.###  
  #.#...#.#.#.#.#.....#...#.#.#...#.....#.#.....#...#.#.#.....#.....#.#...#.#...#.#.#.....#.#.....#.#.#.#.#  
  #.#.###.#.#.#.#####.#.#######.###.###.#####.###.###.#.#########.###.###.#.#.#####.#####.#.###.###.#.###.#  
  #...#.........#.#.#.#.#.#.......#...#...#.#.#.#.#...#.......#...#...#...........#...#.....#.#.#.....#.#.#  
  ###.#.#########.#.#####.#####.#.#########.#.#.#####.#####.#.#.#.###.#.#####.#######.###.###.#.###.###.#.#  
  #.......#.#.#...#...#...#.#...#.....#.....#.#.#.#...#.#.#.#.#.#...#.......#.....#.#...#.....#...#...#...#  
  ###.#.###.#.#.###.#####.#.#.#.###.###.#.###.#.#.###.#.#.###.#.#####.###########.#.#.#####.#####.#.###.#.#  
  #...#.........#.#...#.......#.#.#...#.#.....#.....#...#.....#...#...#.....#.#.#.#...#.#.....#...#.#.#.#.#  
  #########.#####.###.#.###.#####.#.###.###.#.#.#.###.#######.#.#####.###.###.#.#####.#.###.#####.#.#.#.###  
  #...........#.#.......#.......#...#.....#.#.#.#.........#...#.....#...............#.#.......#.#.........#  
  #######.#####.###.###.#.#######e#######.#####.#############.#####f#.###.###########.###.#.###.#####.#####  
  #.......#.#.#...#.#.#.#.#              h     i             j       k   l        #...#.#.#.....#.#...#...#  
  #.###.#.#.#.#.#####.#.#.#                                                       ###.#.#####.###.###.###.#  
  #.#.#.#.#...#.#...#.#.#.#                                                       #...#...................#  
  #.#.###.#.###.#.###.#####                                                       #.#.#.#####.#.#.#.#.###.#  
  #.#.....................#                                                       #.#.#.#...#.#.#.#.#.#...#  
  #######.#######.#.#.#.#.#                                                       #.#.#.#.###.#.#########.#  
  #.....#.#...#.#.#.#.#.#.a                                                      m..#.#.....#.#.#.......#.i 
  ###.###.#.#.#.###.#.###.#                                                       ###.###.#########.#####.#  
  p.......#.#.#.....#.#.#.#                                                       #.#.....#.#.#...#...#.#.#  
  ###########.#########.###                                                       #.#####.#.#.#.#####.#.###  
 n..#...............#.#.#.#                                                       #.....#.......#.#.......m 
  #.###.#.#.#.#####.#.#.#.#                                                       #.###.#.#.#####.#######.#  
  #.#...#.#.#.#............u                                                      #.#...#.#.#...#.........#  
  #.#.###########.#.###.#.#                                                       #.#.#######.#.###.#####.#  
  #.#.......#.....#.#...#.#                                                       n.#...#.#.#.#...#.....#.#  
  #.#####.#########.###.###                                                       #.###.#.#.###.#######.###  
  #.........#.......#.#...#                                                       #.#.#.................#.#  
  ###############.#.#.###.#                                                       ###.#.###.#############.#  
  #.....#.....#.#.#.#...#.#                                                       #.#.#.#.#.#.#.#.....#.#..o  
  #.###.###.###.#####.#####                                                       #.#.###.###.#.###.#.#.#.#  
  Z...#.............#.....#                                                      p......#.....#.....#.....#  
  ###.#.#.###########.#####                                                       ###.#######.#.#########.#  
 v..#.#.#.#.......#.......#                                                       #.#...#.#...#.....#...#.#  
  #.#.#.###.#.###.###.###.#                                                       #.#.###.###.#####.#.#.###  
  #...#.....#.#.......#.#.c                                                       #.#.................#.#.#  
  ###############.#####.#.#                                                       #.#####.###.###########.#  
  #.....#.....#.#...#.....#                                                      q....#...#.#.#...........#  
  ###.#.#.###.#.###.#######                                                       #.#.#####.###.###.#.#####  
 w..#.#...#...#...#.#...#..x                                                      #.#...........#...#...#.#  
  #.#.#####.###.#######.#.#                                                       #.#.#####.#####.#.###.#.#  
  #.#.....#.#...#...#.#...#                                                       #.#...#.#.#...#.#...#.#..r  
  #.#####.#.#.#.#.###.#.###                                                       ###.###.#####.#.#####.#.#  
  #.......#...#...........#                                                       #.......#.....#.#.#.#...#  
  #########################                                                       #.###.#######.###.#.#####  
  #.........#.#.#.....#...d                                                       #...#.#.#...#...#........s  
  #.#####.###.#.#.###.###.#                                                       #######.###.#.#.#.###.###  
  l.#...#.........#.#.....#                                                       #...#.....#...#.....#...#  
  ###.#############.#######                                                       #.#####.#####.###########  
  #.................#......y                                                      #.....#.#.........#...#.#  
  #.###.#####.#####.#.#####                                                       ###.###.#########.#.###.#  
  q.#...#.#...#...#.....#.#                                                       o.................#.#...#  
  #.###.#.#######.#######.#                                                       ###.###.#.#########.###.#  
  #.#.#.#.#.#...........#..z                                                      #.#.#...#...#...........#  
  ###.###.#.#.#######.#.#.#                                                       #.#####.#####.#########.#  
  x.#...........#.....#.#.#                                                       g.#.#.#...#.......#.#....t  
  #.#.#####.#.#####.###.#.#                                                       #.#.#.#######.#####.###.#  
  A...#.....#...#...#...#.#                                                       #...#.....#.#.#.....#.#.#  
  ###.#.#####.#######.###.#                                                       #.###.#.#.#.#.###.#.#.###  
  #...#.#.....#...........#                                                       #.....#.#.........#.....#  
  ###.#.#.###.###.#.#.###.#                                                       ###.#######.#.#####.###.#  
  #...#.#...#.#...#.#...#.#              D                                        #.......#...#...#.#.#...#  
  ###.#########.#.###.#.#.#########w#####.#########b#r#########s#######v#t###########.#.#.#.#.#.###.#####.#  
  #.....#.#.....#.#...#.#.....#.....#...#.....#.#.#.#...#.......#.......#.........#.#.#.#.#.#.#.......#.#.#  
  #.#.#.#.#####.#####.###########.###.#####.###.#.#.#.###.###.###.###########.#####.#.#########.###.#.#.###  
  #.#.#...#.....#.#.#...#.#.#.......#.........#.....#...#...#.#...#.......#.......#.#.#...#...#...#.#.....#  
  #####.###.#.###.#.#.###.#.#######.#.#####.#.###.#.###.###.#.###.#.###.#.#.#.#.###.#####.###.#.#####.#####  
  #.......#.#.#.#.#.#.#...#.#.#.#...#.....#.#.#...#.#...#...#.#.......#.#.#.#.#...........#.........#.....#  
  #.#.#.#####.#.#.#.#####.#.#.#.#.###.#.#.#########.#.#.#.#.###########.#######.###.###.#.###.#.#.#.###.###  
  #.#.#.....#.#.........#...........#.#.#...#.#...#.#.#.#.#...#...........#...#.#.....#.#...#.#.#.#...#...#  
  #####.#.#######.#.###.###.#.###########.#.#.#.###.#.###.#.#####.#####.###.###.###############.#.#.#######  
  #.....#.#.......#.#.....#.#.......#.#...#.......#.#...#.#...#.#...#.#.#.............#.#.#.....#.#.......#  
  #####.#####.#####.#####.###.###.#.#.#.###.#######.#.###.###.#.#.###.#.#######.###.###.#.###.###.###.#####  
  #.#.....#...#.#.#.#.#.#.#.....#.#...#...#.....#...#.#.....#.#...#...#...#.......#.#.#.#...#...#.#.#.#.#.#  
  #.###.###.#.#.#.###.#.#.###.#########.###.#####.###.###.#######.#.#.#######.#.#####.#.#.###.#####.###.#.#  
  #.......#.#.#...............#...#.#.#.#.#.....#...#...#.#.#.......#.#...#...#...#...#...#.#.....#.#.#.#.#  
  ###.#.###########.#####.###.###.#.#.###.#.###.#.#.###.#.#.###.###.#####.#####.#####.#.###.#######.#.#.#.#  
  #...#...#.#.#...#.#.#.#.#...........#.......#.#.#...#.#...#.#.#...#.......#.........#...#.#.#.#.....#.#.#  
  ###.#####.#.#.#####.#.#.#.#.###.#.#######.#######.###.#.###.###.###.###.#.###.###.###.###.#.#.#.###.#.#.#  
  #.....#.#.#.#.#.#.......#.#.#.#.#.....#.....#.#.....#.#.#.......#...#...#.#...#.#...........#.#.#.....#.#  
  #.#.#.#.#.#.#.#.#.#########.#.###.#######.###.#.#####.#.###.###.#.#.###.#####.#.###.#.#####.#.###.#####.#  
  #.#.#.#.............#.......#.#.#...#.....#...#...#...#.#.#...#...#.#...#.#.......#.#...#...............#  
  ###.#####.#.#.#.###.#.#.#.###.#.#.###.###.#.#.###.###.#.#.#.#####.#######.###.#####.#####.###.#.#.#.#.#.#  
  #.....#.#.#.#.#.#.#.#.#.#.#...#.#...#.#...#.#...#.#.#.#...#.#.........#.#.#.#.#...#.....#.#...#.#.#.#.#.#  
  ###.###.#.#####.#.###.#####.#.###.#######.#.#.###.#.#.#.#####.#.#######.#.#.#.#.###.###.#.###.###.###.#.#  
  #.....#.....#...#.....#.....#.......#.....#.#.....#...#.....#.#.....#.............#.#...#...#...#...#.#.#  
  ###########################h#############u#k#######j#####D#########y#######z#############################  
