  ###########Z#a#b#c#######d###############  
  #...#.......#.#.......#.#.......#.#.#...#  
  ###.#.#.#.#.#.#.#.###.#.#.#######.#.#.###  
  #.#...#.#.#...#.#.#...#...#...#.#.......#  
  #.###.#######.###.###.#.###.###.#.#######  
  #...#.......#.#...#...#.............#...#  
  #.#########e#######f#g#######h#######.###  
  #...#.#                           #.#.#.#  
  #.###.#                           #.#.#.#  
  #.#...#                           #...#.#  
  #.###.#                           #.###.#  
  #.#...i                           c.#.#.h  
  #.###.#                           #.#.#.#  
  j.....#                           #.....#  
  #######                           #######  
  #.#...d                           #.....g  
  #.###.#                           #.###.#  
  #.....#                           #...#.#  
  ###.###                           #.#.#.#  
  k...#.#                           l.#.#.#  
  #####.#                           #######  
  #.....j                           m.#...#  
  ###.#.#                           #.###.#  
  f...#.#                           #.....l  
  ###.###                           #.#.#.#  
  #.....#                           #.#.#.#  
  ###.###########k###b#######a#########.###  
  #.....#...#.....#.......#...#.....#.#...#  
  #####.#.###.#######.#######.###.###.#.#.#  
  #.......#.......#.#.#.#.#...#...#...#.#.#  
  #####.###.#####.#.#.#.#.###.###.#.###.###  
  #.......#.....#.#...#...............#...#  
  #############A#i#e###m###################  

