  #################A#############  
  #.#...#...................#.#.#  
  #.#.#.###.###.###.#########.#.#  
  #.#.#.......#...#.....#.#.#...#  
  #.#########.###.#####.#.#.###.#  
  #.............#.#.....#.......#  
  ###.###########a###b#####.#.#.#  
  #.....#                 #.#.#.#  
  #######                 #####.#  
  #.#...#                 #.....c  
  #.#.#.#                 #.#####  
  #...#.#                 d...#.#  
  #.###.#                 #####.#  
  e...#.#                 #.....#  
  #####.#                 #.###.#  
  Z.....#                 h...#.a  
  ###.###                 #######  
  f.#.#.#                 #.....#  
  #.#.#.#                 ###.#.#  
  #...#.e                 i...#.g  
  #####.#                 #.#####  
  d.....#                 c.#...h  
  #.###.#                 #.###.#  
  #.#...#                 #.....#  
  ###.###                 #.#.###  
  #.....#                 #.#...#  
  #.###.#####f#g#####j#####.###.#  
  #...#.#.#...#.....#.....#.#...#  
  #.#####.###.###.#.#.#########.#  
  #...#.#.....#...#.#.#.#.....#.#  
  #.###.#####.###.###.#.#.#######  
  #.#.........#...#.............#  
  #########i###j###b#############  
                                   
                                   
